Analysis & Synthesis report for toplevel
Tue May 19 22:07:48 2020
Quartus Prime Version 19.1.0 Build 670 09/22/2019 SJ Lite Edition


---------------------
; Table of Contents ;
---------------------
  1. Legal Notice
  2. Analysis & Synthesis Summary
  3. Analysis & Synthesis Settings
  4. Parallel Compilation
  5. Analysis & Synthesis Source Files Read
  6. Analysis & Synthesis Resource Usage Summary
  7. Analysis & Synthesis Resource Utilization by Entity
  8. Registers Removed During Synthesis
  9. Removed Registers Triggering Further Register Optimizations
 10. General Register Statistics
 11. Multiplexer Restructuring Statistics (Restructuring Performed)
 12. Parameter Settings for User Entity Instance: datapath:dp|REL_LUT:r_lut
 13. Parameter Settings for User Entity Instance: datapath:dp|ABS_LUT:a_lut
 14. Parameter Settings for User Entity Instance: datapath:dp|InstROM:ir
 15. Parameter Settings for User Entity Instance: datapath:dp|reg_file:rf
 16. Port Connectivity Checks: "datapath:dp|data_mem:dm"
 17. Port Connectivity Checks: "datapath:dp|reg_file:rf"
 18. Port Connectivity Checks: "datapath:dp|ALU_FLAGS:af"
 19. Post-Synthesis Netlist Statistics for Top Partition
 20. Elapsed Time Per Partition
 21. Analysis & Synthesis Messages
 22. Analysis & Synthesis Suppressed Messages



----------------
; Legal Notice ;
----------------
Copyright (C) 2019  Intel Corporation. All rights reserved.
Your use of Intel Corporation's design tools, logic functions 
and other software and tools, and any partner logic 
functions, and any output files from any of the foregoing 
(including device programming or simulation files), and any 
associated documentation or information are expressly subject 
to the terms and conditions of the Intel Program License 
Subscription Agreement, the Intel Quartus Prime License Agreement,
the Intel FPGA IP License Agreement, or other applicable license
agreement, including, without limitation, that your use is for
the sole purpose of programming logic devices manufactured by
Intel and sold by Intel or its authorized distributors.  Please
refer to the applicable agreement for further details, at
https://fpgasoftware.intel.com/eula.



+----------------------------------------------------------------------------------+
; Analysis & Synthesis Summary                                                     ;
+------------------------------------+---------------------------------------------+
; Analysis & Synthesis Status        ; Successful - Tue May 19 22:07:48 2020       ;
; Quartus Prime Version              ; 19.1.0 Build 670 09/22/2019 SJ Lite Edition ;
; Revision Name                      ; toplevel                                    ;
; Top-level Entity Name              ; toplevel                                    ;
; Family                             ; Cyclone IV E                                ;
; Total logic elements               ; 0                                           ;
;     Total combinational functions  ; 0                                           ;
;     Dedicated logic registers      ; 0                                           ;
; Total registers                    ; 0                                           ;
; Total pins                         ; 3                                           ;
; Total virtual pins                 ; 0                                           ;
; Total memory bits                  ; 0                                           ;
; Embedded Multiplier 9-bit elements ; 0                                           ;
; Total PLLs                         ; 0                                           ;
+------------------------------------+---------------------------------------------+


+------------------------------------------------------------------------------------------------------------+
; Analysis & Synthesis Settings                                                                              ;
+------------------------------------------------------------------+--------------------+--------------------+
; Option                                                           ; Setting            ; Default Value      ;
+------------------------------------------------------------------+--------------------+--------------------+
; Top-level entity name                                            ; toplevel           ; toplevel           ;
; Family name                                                      ; Cyclone IV E       ; Cyclone V          ;
; Use smart compilation                                            ; Off                ; Off                ;
; Enable parallel Assembler and Timing Analyzer during compilation ; On                 ; On                 ;
; Enable compact report table                                      ; Off                ; Off                ;
; Restructure Multiplexers                                         ; Auto               ; Auto               ;
; Create Debugging Nodes for IP Cores                              ; Off                ; Off                ;
; Preserve fewer node names                                        ; On                 ; On                 ;
; Intel FPGA IP Evaluation Mode                                    ; Enable             ; Enable             ;
; Verilog Version                                                  ; Verilog_2001       ; Verilog_2001       ;
; VHDL Version                                                     ; VHDL_1993          ; VHDL_1993          ;
; State Machine Processing                                         ; Auto               ; Auto               ;
; Safe State Machine                                               ; Off                ; Off                ;
; Extract Verilog State Machines                                   ; On                 ; On                 ;
; Extract VHDL State Machines                                      ; On                 ; On                 ;
; Ignore Verilog initial constructs                                ; Off                ; Off                ;
; Iteration limit for constant Verilog loops                       ; 5000               ; 5000               ;
; Iteration limit for non-constant Verilog loops                   ; 250                ; 250                ;
; Add Pass-Through Logic to Inferred RAMs                          ; On                 ; On                 ;
; Infer RAMs from Raw Logic                                        ; On                 ; On                 ;
; Parallel Synthesis                                               ; On                 ; On                 ;
; DSP Block Balancing                                              ; Auto               ; Auto               ;
; NOT Gate Push-Back                                               ; On                 ; On                 ;
; Power-Up Don't Care                                              ; On                 ; On                 ;
; Remove Redundant Logic Cells                                     ; Off                ; Off                ;
; Remove Duplicate Registers                                       ; On                 ; On                 ;
; Ignore CARRY Buffers                                             ; Off                ; Off                ;
; Ignore CASCADE Buffers                                           ; Off                ; Off                ;
; Ignore GLOBAL Buffers                                            ; Off                ; Off                ;
; Ignore ROW GLOBAL Buffers                                        ; Off                ; Off                ;
; Ignore LCELL Buffers                                             ; Off                ; Off                ;
; Ignore SOFT Buffers                                              ; On                 ; On                 ;
; Limit AHDL Integers to 32 Bits                                   ; Off                ; Off                ;
; Optimization Technique                                           ; Balanced           ; Balanced           ;
; Carry Chain Length                                               ; 70                 ; 70                 ;
; Auto Carry Chains                                                ; On                 ; On                 ;
; Auto Open-Drain Pins                                             ; On                 ; On                 ;
; Perform WYSIWYG Primitive Resynthesis                            ; Off                ; Off                ;
; Auto ROM Replacement                                             ; On                 ; On                 ;
; Auto RAM Replacement                                             ; On                 ; On                 ;
; Auto DSP Block Replacement                                       ; On                 ; On                 ;
; Auto Shift Register Replacement                                  ; Auto               ; Auto               ;
; Allow Shift Register Merging across Hierarchies                  ; Auto               ; Auto               ;
; Auto Clock Enable Replacement                                    ; On                 ; On                 ;
; Strict RAM Replacement                                           ; Off                ; Off                ;
; Allow Synchronous Control Signals                                ; On                 ; On                 ;
; Force Use of Synchronous Clear Signals                           ; Off                ; Off                ;
; Auto RAM Block Balancing                                         ; On                 ; On                 ;
; Auto RAM to Logic Cell Conversion                                ; Off                ; Off                ;
; Auto Resource Sharing                                            ; Off                ; Off                ;
; Allow Any RAM Size For Recognition                               ; Off                ; Off                ;
; Allow Any ROM Size For Recognition                               ; Off                ; Off                ;
; Allow Any Shift Register Size For Recognition                    ; Off                ; Off                ;
; Use LogicLock Constraints during Resource Balancing              ; On                 ; On                 ;
; Ignore translate_off and synthesis_off directives                ; Off                ; Off                ;
; Timing-Driven Synthesis                                          ; On                 ; On                 ;
; Report Parameter Settings                                        ; On                 ; On                 ;
; Report Source Assignments                                        ; On                 ; On                 ;
; Report Connectivity Checks                                       ; On                 ; On                 ;
; Ignore Maximum Fan-Out Assignments                               ; Off                ; Off                ;
; Synchronization Register Chain Length                            ; 2                  ; 2                  ;
; Power Optimization During Synthesis                              ; Normal compilation ; Normal compilation ;
; HDL message level                                                ; Level2             ; Level2             ;
; Suppress Register Optimization Related Messages                  ; Off                ; Off                ;
; Number of Removed Registers Reported in Synthesis Report         ; 5000               ; 5000               ;
; Number of Swept Nodes Reported in Synthesis Report               ; 5000               ; 5000               ;
; Number of Inverted Registers Reported in Synthesis Report        ; 100                ; 100                ;
; Clock MUX Protection                                             ; On                 ; On                 ;
; Auto Gated Clock Conversion                                      ; Off                ; Off                ;
; Block Design Naming                                              ; Auto               ; Auto               ;
; SDC constraint protection                                        ; Off                ; Off                ;
; Synthesis Effort                                                 ; Auto               ; Auto               ;
; Shift Register Replacement - Allow Asynchronous Clear Signal     ; On                 ; On                 ;
; Pre-Mapping Resynthesis Optimization                             ; Off                ; Off                ;
; Analysis & Synthesis Message Level                               ; Medium             ; Medium             ;
; Disable Register Merging Across Hierarchies                      ; Auto               ; Auto               ;
; Resource Aware Inference For Block RAM                           ; On                 ; On                 ;
+------------------------------------------------------------------+--------------------+--------------------+


+------------------------------------------+
; Parallel Compilation                     ;
+----------------------------+-------------+
; Processors                 ; Number      ;
+----------------------------+-------------+
; Number detected on machine ; 12          ;
; Maximum allowed            ; 12          ;
;                            ;             ;
; Average used               ; 1.00        ;
; Maximum used               ; 1           ;
;                            ;             ;
; Usage by Processor         ; % Time Used ;
;     Processor 1            ; 100.0%      ;
+----------------------------+-------------+


+---------------------------------------------------------------------------------------------------------------------------------------------------------------------+
; Analysis & Synthesis Source Files Read                                                                                                                              ;
+----------------------------------+-----------------+------------------------------+-----------------------------------------------------------------------+---------+
; File Name with User-Entered Path ; Used in Netlist ; File Type                    ; File Name with Absolute Path                                          ; Library ;
+----------------------------------+-----------------+------------------------------+-----------------------------------------------------------------------+---------+
; toplevel.sv                      ; yes             ; User SystemVerilog HDL File  ; C:/Users/Sammy Gill/Desktop/141L-Lab-2/our processor/toplevel.sv      ;         ;
; REL_LUT.sv                       ; yes             ; User SystemVerilog HDL File  ; C:/Users/Sammy Gill/Desktop/141L-Lab-2/our processor/REL_LUT.sv       ;         ;
; reg_file.sv                      ; yes             ; User SystemVerilog HDL File  ; C:/Users/Sammy Gill/Desktop/141L-Lab-2/our processor/reg_file.sv      ;         ;
; InstROM.sv                       ; yes             ; User SystemVerilog HDL File  ; C:/Users/Sammy Gill/Desktop/141L-Lab-2/our processor/InstROM.sv       ;         ;
; IF.sv                            ; yes             ; User SystemVerilog HDL File  ; C:/Users/Sammy Gill/Desktop/141L-Lab-2/our processor/IF.sv            ;         ;
; definitions.sv                   ; yes             ; User SystemVerilog HDL File  ; C:/Users/Sammy Gill/Desktop/141L-Lab-2/our processor/definitions.sv   ;         ;
; data_mem.sv                      ; yes             ; User SystemVerilog HDL File  ; C:/Users/Sammy Gill/Desktop/141L-Lab-2/our processor/data_mem.sv      ;         ;
; datapath.sv                      ; yes             ; User SystemVerilog HDL File  ; C:/Users/Sammy Gill/Desktop/141L-Lab-2/our processor/datapath.sv      ;         ;
; controlpath.sv                   ; yes             ; User SystemVerilog HDL File  ; C:/Users/Sammy Gill/Desktop/141L-Lab-2/our processor/controlpath.sv   ;         ;
; ALU_FLAGS.sv                     ; yes             ; User SystemVerilog HDL File  ; C:/Users/Sammy Gill/Desktop/141L-Lab-2/our processor/ALU_FLAGS.sv     ;         ;
; ALU.sv                           ; yes             ; User SystemVerilog HDL File  ; C:/Users/Sammy Gill/Desktop/141L-Lab-2/our processor/ALU.sv           ;         ;
; ABS_LUT.sv                       ; yes             ; User SystemVerilog HDL File  ; C:/Users/Sammy Gill/Desktop/141L-Lab-2/our processor/ABS_LUT.sv       ;         ;
; machine_code.txt                 ; yes             ; Auto-Found File              ; C:/Users/Sammy Gill/Desktop/141L-Lab-2/our processor/machine_code.txt ;         ;
+----------------------------------+-----------------+------------------------------+-----------------------------------------------------------------------+---------+


+-----------------------------------------------------------+
; Analysis & Synthesis Resource Usage Summary               ;
+---------------------------------------------+-------------+
; Resource                                    ; Usage       ;
+---------------------------------------------+-------------+
;                                             ;             ;
; Total combinational functions               ; 0           ;
; Logic element usage by number of LUT inputs ;             ;
;     -- 4 input functions                    ; 0           ;
;     -- 3 input functions                    ; 0           ;
;     -- <=2 input functions                  ; 0           ;
;                                             ;             ;
; Logic elements by mode                      ;             ;
;     -- normal mode                          ; 0           ;
;     -- arithmetic mode                      ; 0           ;
;                                             ;             ;
; Total registers                             ; 0           ;
;     -- Dedicated logic registers            ; 0           ;
;     -- I/O registers                        ; 0           ;
;                                             ;             ;
; I/O pins                                    ; 3           ;
;                                             ;             ;
; Embedded Multiplier 9-bit elements          ; 0           ;
;                                             ;             ;
; Maximum fan-out node                        ; DONE~output ;
; Maximum fan-out                             ; 1           ;
; Total fan-out                               ; 3           ;
; Average fan-out                             ; 0.50        ;
+---------------------------------------------+-------------+


+----------------------------------------------------------------------------------------------------------------------------------------------------------------------------------------------------------+
; Analysis & Synthesis Resource Utilization by Entity                                                                                                                                                      ;
+----------------------------+---------------------+---------------------------+-------------+--------------+---------+-----------+------+--------------+---------------------+-------------+--------------+
; Compilation Hierarchy Node ; Combinational ALUTs ; Dedicated Logic Registers ; Memory Bits ; DSP Elements ; DSP 9x9 ; DSP 18x18 ; Pins ; Virtual Pins ; Full Hierarchy Name ; Entity Name ; Library Name ;
+----------------------------+---------------------+---------------------------+-------------+--------------+---------+-----------+------+--------------+---------------------+-------------+--------------+
; |toplevel                  ; 0 (0)               ; 0 (0)                     ; 0           ; 0            ; 0       ; 0         ; 3    ; 0            ; |toplevel           ; toplevel    ; work         ;
+----------------------------+---------------------+---------------------------+-------------+--------------+---------+-----------+------+--------------+---------------------+-------------+--------------+
Note: For table entries with two numbers listed, the numbers in parentheses indicate the number of resources of the given type used by the specific entity alone. The numbers listed outside of parentheses indicate the total resources of the given type used by the specific entity and all of its sub-entities in the hierarchy.


+--------------------------------------------------------------------------------------------------+
; Registers Removed During Synthesis                                                               ;
+--------------------------------------------+-----------------------------------------------------+
; Register name                              ; Reason for Removal                                  ;
+--------------------------------------------+-----------------------------------------------------+
; datapath:dp|data_mem:dm|core[254][0]       ; Lost fanout                                         ;
; datapath:dp|data_mem:dm|core[255][0]       ; Lost fanout                                         ;
; datapath:dp|data_mem:dm|core[253][0]       ; Lost fanout                                         ;
; datapath:dp|data_mem:dm|core[252][0]       ; Lost fanout                                         ;
; datapath:dp|data_mem:dm|core[251][0]       ; Lost fanout                                         ;
; datapath:dp|data_mem:dm|core[250][0]       ; Lost fanout                                         ;
; datapath:dp|data_mem:dm|core[249][0]       ; Lost fanout                                         ;
; datapath:dp|data_mem:dm|core[248][0]       ; Lost fanout                                         ;
; datapath:dp|data_mem:dm|core[247][0]       ; Lost fanout                                         ;
; datapath:dp|data_mem:dm|core[246][0]       ; Lost fanout                                         ;
; datapath:dp|data_mem:dm|core[245][0]       ; Lost fanout                                         ;
; datapath:dp|data_mem:dm|core[244][0]       ; Lost fanout                                         ;
; datapath:dp|data_mem:dm|core[243][0]       ; Lost fanout                                         ;
; datapath:dp|data_mem:dm|core[242][0]       ; Lost fanout                                         ;
; datapath:dp|data_mem:dm|core[241][0]       ; Lost fanout                                         ;
; datapath:dp|data_mem:dm|core[240][0]       ; Lost fanout                                         ;
; datapath:dp|data_mem:dm|core[239][0]       ; Lost fanout                                         ;
; datapath:dp|data_mem:dm|core[238][0]       ; Lost fanout                                         ;
; datapath:dp|data_mem:dm|core[237][0]       ; Lost fanout                                         ;
; datapath:dp|data_mem:dm|core[236][0]       ; Lost fanout                                         ;
; datapath:dp|data_mem:dm|core[235][0]       ; Lost fanout                                         ;
; datapath:dp|data_mem:dm|core[234][0]       ; Lost fanout                                         ;
; datapath:dp|data_mem:dm|core[233][0]       ; Lost fanout                                         ;
; datapath:dp|data_mem:dm|core[232][0]       ; Lost fanout                                         ;
; datapath:dp|data_mem:dm|core[231][0]       ; Lost fanout                                         ;
; datapath:dp|data_mem:dm|core[230][0]       ; Lost fanout                                         ;
; datapath:dp|data_mem:dm|core[229][0]       ; Lost fanout                                         ;
; datapath:dp|data_mem:dm|core[228][0]       ; Lost fanout                                         ;
; datapath:dp|data_mem:dm|core[227][0]       ; Lost fanout                                         ;
; datapath:dp|data_mem:dm|core[226][0]       ; Lost fanout                                         ;
; datapath:dp|data_mem:dm|core[225][0]       ; Lost fanout                                         ;
; datapath:dp|data_mem:dm|core[224][0]       ; Lost fanout                                         ;
; datapath:dp|data_mem:dm|core[223][0]       ; Lost fanout                                         ;
; datapath:dp|data_mem:dm|core[222][0]       ; Lost fanout                                         ;
; datapath:dp|data_mem:dm|core[221][0]       ; Lost fanout                                         ;
; datapath:dp|data_mem:dm|core[220][0]       ; Lost fanout                                         ;
; datapath:dp|data_mem:dm|core[219][0]       ; Lost fanout                                         ;
; datapath:dp|data_mem:dm|core[218][0]       ; Lost fanout                                         ;
; datapath:dp|data_mem:dm|core[217][0]       ; Lost fanout                                         ;
; datapath:dp|data_mem:dm|core[216][0]       ; Lost fanout                                         ;
; datapath:dp|data_mem:dm|core[215][0]       ; Lost fanout                                         ;
; datapath:dp|data_mem:dm|core[214][0]       ; Lost fanout                                         ;
; datapath:dp|data_mem:dm|core[213][0]       ; Lost fanout                                         ;
; datapath:dp|data_mem:dm|core[212][0]       ; Lost fanout                                         ;
; datapath:dp|data_mem:dm|core[211][0]       ; Lost fanout                                         ;
; datapath:dp|data_mem:dm|core[210][0]       ; Lost fanout                                         ;
; datapath:dp|data_mem:dm|core[209][0]       ; Lost fanout                                         ;
; datapath:dp|data_mem:dm|core[208][0]       ; Lost fanout                                         ;
; datapath:dp|data_mem:dm|core[207][0]       ; Lost fanout                                         ;
; datapath:dp|data_mem:dm|core[206][0]       ; Lost fanout                                         ;
; datapath:dp|data_mem:dm|core[205][0]       ; Lost fanout                                         ;
; datapath:dp|data_mem:dm|core[204][0]       ; Lost fanout                                         ;
; datapath:dp|data_mem:dm|core[203][0]       ; Lost fanout                                         ;
; datapath:dp|data_mem:dm|core[202][0]       ; Lost fanout                                         ;
; datapath:dp|data_mem:dm|core[201][0]       ; Lost fanout                                         ;
; datapath:dp|data_mem:dm|core[200][0]       ; Lost fanout                                         ;
; datapath:dp|data_mem:dm|core[199][0]       ; Lost fanout                                         ;
; datapath:dp|data_mem:dm|core[198][0]       ; Lost fanout                                         ;
; datapath:dp|data_mem:dm|core[197][0]       ; Lost fanout                                         ;
; datapath:dp|data_mem:dm|core[196][0]       ; Lost fanout                                         ;
; datapath:dp|data_mem:dm|core[195][0]       ; Lost fanout                                         ;
; datapath:dp|data_mem:dm|core[194][0]       ; Lost fanout                                         ;
; datapath:dp|data_mem:dm|core[193][0]       ; Lost fanout                                         ;
; datapath:dp|data_mem:dm|core[192][0]       ; Lost fanout                                         ;
; datapath:dp|data_mem:dm|core[191][0]       ; Lost fanout                                         ;
; datapath:dp|data_mem:dm|core[190][0]       ; Lost fanout                                         ;
; datapath:dp|data_mem:dm|core[189][0]       ; Lost fanout                                         ;
; datapath:dp|data_mem:dm|core[188][0]       ; Lost fanout                                         ;
; datapath:dp|data_mem:dm|core[187][0]       ; Lost fanout                                         ;
; datapath:dp|data_mem:dm|core[186][0]       ; Lost fanout                                         ;
; datapath:dp|data_mem:dm|core[185][0]       ; Lost fanout                                         ;
; datapath:dp|data_mem:dm|core[184][0]       ; Lost fanout                                         ;
; datapath:dp|data_mem:dm|core[183][0]       ; Lost fanout                                         ;
; datapath:dp|data_mem:dm|core[182][0]       ; Lost fanout                                         ;
; datapath:dp|data_mem:dm|core[181][0]       ; Lost fanout                                         ;
; datapath:dp|data_mem:dm|core[180][0]       ; Lost fanout                                         ;
; datapath:dp|data_mem:dm|core[179][0]       ; Lost fanout                                         ;
; datapath:dp|data_mem:dm|core[178][0]       ; Lost fanout                                         ;
; datapath:dp|data_mem:dm|core[177][0]       ; Lost fanout                                         ;
; datapath:dp|data_mem:dm|core[176][0]       ; Lost fanout                                         ;
; datapath:dp|data_mem:dm|core[175][0]       ; Lost fanout                                         ;
; datapath:dp|data_mem:dm|core[174][0]       ; Lost fanout                                         ;
; datapath:dp|data_mem:dm|core[173][0]       ; Lost fanout                                         ;
; datapath:dp|data_mem:dm|core[172][0]       ; Lost fanout                                         ;
; datapath:dp|data_mem:dm|core[171][0]       ; Lost fanout                                         ;
; datapath:dp|data_mem:dm|core[170][0]       ; Lost fanout                                         ;
; datapath:dp|data_mem:dm|core[169][0]       ; Lost fanout                                         ;
; datapath:dp|data_mem:dm|core[168][0]       ; Lost fanout                                         ;
; datapath:dp|data_mem:dm|core[167][0]       ; Lost fanout                                         ;
; datapath:dp|data_mem:dm|core[166][0]       ; Lost fanout                                         ;
; datapath:dp|data_mem:dm|core[165][0]       ; Lost fanout                                         ;
; datapath:dp|data_mem:dm|core[164][0]       ; Lost fanout                                         ;
; datapath:dp|data_mem:dm|core[163][0]       ; Lost fanout                                         ;
; datapath:dp|data_mem:dm|core[162][0]       ; Lost fanout                                         ;
; datapath:dp|data_mem:dm|core[161][0]       ; Lost fanout                                         ;
; datapath:dp|data_mem:dm|core[160][0]       ; Lost fanout                                         ;
; datapath:dp|data_mem:dm|core[159][0]       ; Lost fanout                                         ;
; datapath:dp|data_mem:dm|core[158][0]       ; Lost fanout                                         ;
; datapath:dp|data_mem:dm|core[157][0]       ; Lost fanout                                         ;
; datapath:dp|data_mem:dm|core[156][0]       ; Lost fanout                                         ;
; datapath:dp|data_mem:dm|core[155][0]       ; Lost fanout                                         ;
; datapath:dp|data_mem:dm|core[154][0]       ; Lost fanout                                         ;
; datapath:dp|data_mem:dm|core[153][0]       ; Lost fanout                                         ;
; datapath:dp|data_mem:dm|core[152][0]       ; Lost fanout                                         ;
; datapath:dp|data_mem:dm|core[151][0]       ; Lost fanout                                         ;
; datapath:dp|data_mem:dm|core[150][0]       ; Lost fanout                                         ;
; datapath:dp|data_mem:dm|core[149][0]       ; Lost fanout                                         ;
; datapath:dp|data_mem:dm|core[148][0]       ; Lost fanout                                         ;
; datapath:dp|data_mem:dm|core[147][0]       ; Lost fanout                                         ;
; datapath:dp|data_mem:dm|core[146][0]       ; Lost fanout                                         ;
; datapath:dp|data_mem:dm|core[145][0]       ; Lost fanout                                         ;
; datapath:dp|data_mem:dm|core[144][0]       ; Lost fanout                                         ;
; datapath:dp|data_mem:dm|core[143][0]       ; Lost fanout                                         ;
; datapath:dp|data_mem:dm|core[142][0]       ; Lost fanout                                         ;
; datapath:dp|data_mem:dm|core[141][0]       ; Lost fanout                                         ;
; datapath:dp|data_mem:dm|core[140][0]       ; Lost fanout                                         ;
; datapath:dp|data_mem:dm|core[139][0]       ; Lost fanout                                         ;
; datapath:dp|data_mem:dm|core[138][0]       ; Lost fanout                                         ;
; datapath:dp|data_mem:dm|core[137][0]       ; Lost fanout                                         ;
; datapath:dp|data_mem:dm|core[136][0]       ; Lost fanout                                         ;
; datapath:dp|data_mem:dm|core[135][0]       ; Lost fanout                                         ;
; datapath:dp|data_mem:dm|core[134][0]       ; Lost fanout                                         ;
; datapath:dp|data_mem:dm|core[133][0]       ; Lost fanout                                         ;
; datapath:dp|data_mem:dm|core[132][0]       ; Lost fanout                                         ;
; datapath:dp|data_mem:dm|core[131][0]       ; Lost fanout                                         ;
; datapath:dp|data_mem:dm|core[130][0]       ; Lost fanout                                         ;
; datapath:dp|data_mem:dm|core[129][0]       ; Lost fanout                                         ;
; datapath:dp|data_mem:dm|core[128][0]       ; Lost fanout                                         ;
; datapath:dp|data_mem:dm|core[127][0]       ; Lost fanout                                         ;
; datapath:dp|data_mem:dm|core[126][0]       ; Lost fanout                                         ;
; datapath:dp|data_mem:dm|core[125][0]       ; Lost fanout                                         ;
; datapath:dp|data_mem:dm|core[124][0]       ; Lost fanout                                         ;
; datapath:dp|data_mem:dm|core[123][0]       ; Lost fanout                                         ;
; datapath:dp|data_mem:dm|core[122][0]       ; Lost fanout                                         ;
; datapath:dp|data_mem:dm|core[121][0]       ; Lost fanout                                         ;
; datapath:dp|data_mem:dm|core[120][0]       ; Lost fanout                                         ;
; datapath:dp|data_mem:dm|core[119][0]       ; Lost fanout                                         ;
; datapath:dp|data_mem:dm|core[118][0]       ; Lost fanout                                         ;
; datapath:dp|data_mem:dm|core[117][0]       ; Lost fanout                                         ;
; datapath:dp|data_mem:dm|core[116][0]       ; Lost fanout                                         ;
; datapath:dp|data_mem:dm|core[115][0]       ; Lost fanout                                         ;
; datapath:dp|data_mem:dm|core[114][0]       ; Lost fanout                                         ;
; datapath:dp|data_mem:dm|core[113][0]       ; Lost fanout                                         ;
; datapath:dp|data_mem:dm|core[112][0]       ; Lost fanout                                         ;
; datapath:dp|data_mem:dm|core[111][0]       ; Lost fanout                                         ;
; datapath:dp|data_mem:dm|core[110][0]       ; Lost fanout                                         ;
; datapath:dp|data_mem:dm|core[109][0]       ; Lost fanout                                         ;
; datapath:dp|data_mem:dm|core[108][0]       ; Lost fanout                                         ;
; datapath:dp|data_mem:dm|core[107][0]       ; Lost fanout                                         ;
; datapath:dp|data_mem:dm|core[106][0]       ; Lost fanout                                         ;
; datapath:dp|data_mem:dm|core[105][0]       ; Lost fanout                                         ;
; datapath:dp|data_mem:dm|core[104][0]       ; Lost fanout                                         ;
; datapath:dp|data_mem:dm|core[103][0]       ; Lost fanout                                         ;
; datapath:dp|data_mem:dm|core[102][0]       ; Lost fanout                                         ;
; datapath:dp|data_mem:dm|core[101][0]       ; Lost fanout                                         ;
; datapath:dp|data_mem:dm|core[100][0]       ; Lost fanout                                         ;
; datapath:dp|data_mem:dm|core[99][0]        ; Lost fanout                                         ;
; datapath:dp|data_mem:dm|core[98][0]        ; Lost fanout                                         ;
; datapath:dp|data_mem:dm|core[97][0]        ; Lost fanout                                         ;
; datapath:dp|data_mem:dm|core[96][0]        ; Lost fanout                                         ;
; datapath:dp|data_mem:dm|core[95][0]        ; Lost fanout                                         ;
; datapath:dp|data_mem:dm|core[94][0]        ; Lost fanout                                         ;
; datapath:dp|data_mem:dm|core[93][0]        ; Lost fanout                                         ;
; datapath:dp|data_mem:dm|core[92][0]        ; Lost fanout                                         ;
; datapath:dp|data_mem:dm|core[91][0]        ; Lost fanout                                         ;
; datapath:dp|data_mem:dm|core[90][0]        ; Lost fanout                                         ;
; datapath:dp|data_mem:dm|core[89][0]        ; Lost fanout                                         ;
; datapath:dp|data_mem:dm|core[88][0]        ; Lost fanout                                         ;
; datapath:dp|data_mem:dm|core[87][0]        ; Lost fanout                                         ;
; datapath:dp|data_mem:dm|core[86][0]        ; Lost fanout                                         ;
; datapath:dp|data_mem:dm|core[85][0]        ; Lost fanout                                         ;
; datapath:dp|data_mem:dm|core[84][0]        ; Lost fanout                                         ;
; datapath:dp|data_mem:dm|core[83][0]        ; Lost fanout                                         ;
; datapath:dp|data_mem:dm|core[82][0]        ; Lost fanout                                         ;
; datapath:dp|data_mem:dm|core[81][0]        ; Lost fanout                                         ;
; datapath:dp|data_mem:dm|core[80][0]        ; Lost fanout                                         ;
; datapath:dp|data_mem:dm|core[79][0]        ; Lost fanout                                         ;
; datapath:dp|data_mem:dm|core[78][0]        ; Lost fanout                                         ;
; datapath:dp|data_mem:dm|core[77][0]        ; Lost fanout                                         ;
; datapath:dp|data_mem:dm|core[76][0]        ; Lost fanout                                         ;
; datapath:dp|data_mem:dm|core[75][0]        ; Lost fanout                                         ;
; datapath:dp|data_mem:dm|core[74][0]        ; Lost fanout                                         ;
; datapath:dp|data_mem:dm|core[73][0]        ; Lost fanout                                         ;
; datapath:dp|data_mem:dm|core[72][0]        ; Lost fanout                                         ;
; datapath:dp|data_mem:dm|core[71][0]        ; Lost fanout                                         ;
; datapath:dp|data_mem:dm|core[70][0]        ; Lost fanout                                         ;
; datapath:dp|data_mem:dm|core[69][0]        ; Lost fanout                                         ;
; datapath:dp|data_mem:dm|core[68][0]        ; Lost fanout                                         ;
; datapath:dp|data_mem:dm|core[67][0]        ; Lost fanout                                         ;
; datapath:dp|data_mem:dm|core[66][0]        ; Lost fanout                                         ;
; datapath:dp|data_mem:dm|core[65][0]        ; Lost fanout                                         ;
; datapath:dp|data_mem:dm|core[64][0]        ; Lost fanout                                         ;
; datapath:dp|data_mem:dm|core[63][0]        ; Lost fanout                                         ;
; datapath:dp|data_mem:dm|core[62][0]        ; Lost fanout                                         ;
; datapath:dp|data_mem:dm|core[61][0]        ; Lost fanout                                         ;
; datapath:dp|data_mem:dm|core[60][0]        ; Lost fanout                                         ;
; datapath:dp|data_mem:dm|core[59][0]        ; Lost fanout                                         ;
; datapath:dp|data_mem:dm|core[58][0]        ; Lost fanout                                         ;
; datapath:dp|data_mem:dm|core[57][0]        ; Lost fanout                                         ;
; datapath:dp|data_mem:dm|core[56][0]        ; Lost fanout                                         ;
; datapath:dp|data_mem:dm|core[55][0]        ; Lost fanout                                         ;
; datapath:dp|data_mem:dm|core[54][0]        ; Lost fanout                                         ;
; datapath:dp|data_mem:dm|core[53][0]        ; Lost fanout                                         ;
; datapath:dp|data_mem:dm|core[52][0]        ; Lost fanout                                         ;
; datapath:dp|data_mem:dm|core[51][0]        ; Lost fanout                                         ;
; datapath:dp|data_mem:dm|core[50][0]        ; Lost fanout                                         ;
; datapath:dp|data_mem:dm|core[49][0]        ; Lost fanout                                         ;
; datapath:dp|data_mem:dm|core[48][0]        ; Lost fanout                                         ;
; datapath:dp|data_mem:dm|core[47][0]        ; Lost fanout                                         ;
; datapath:dp|data_mem:dm|core[46][0]        ; Lost fanout                                         ;
; datapath:dp|data_mem:dm|core[45][0]        ; Lost fanout                                         ;
; datapath:dp|data_mem:dm|core[44][0]        ; Lost fanout                                         ;
; datapath:dp|data_mem:dm|core[43][0]        ; Lost fanout                                         ;
; datapath:dp|data_mem:dm|core[42][0]        ; Lost fanout                                         ;
; datapath:dp|data_mem:dm|core[41][0]        ; Lost fanout                                         ;
; datapath:dp|data_mem:dm|core[40][0]        ; Lost fanout                                         ;
; datapath:dp|data_mem:dm|core[39][0]        ; Lost fanout                                         ;
; datapath:dp|data_mem:dm|core[38][0]        ; Lost fanout                                         ;
; datapath:dp|data_mem:dm|core[37][0]        ; Lost fanout                                         ;
; datapath:dp|data_mem:dm|core[36][0]        ; Lost fanout                                         ;
; datapath:dp|data_mem:dm|core[35][0]        ; Lost fanout                                         ;
; datapath:dp|data_mem:dm|core[34][0]        ; Lost fanout                                         ;
; datapath:dp|data_mem:dm|core[33][0]        ; Lost fanout                                         ;
; datapath:dp|data_mem:dm|core[32][0]        ; Lost fanout                                         ;
; datapath:dp|data_mem:dm|core[31][0]        ; Lost fanout                                         ;
; datapath:dp|data_mem:dm|core[30][0]        ; Lost fanout                                         ;
; datapath:dp|data_mem:dm|core[29][0]        ; Lost fanout                                         ;
; datapath:dp|data_mem:dm|core[28][0]        ; Lost fanout                                         ;
; datapath:dp|data_mem:dm|core[27][0]        ; Lost fanout                                         ;
; datapath:dp|data_mem:dm|core[26][0]        ; Lost fanout                                         ;
; datapath:dp|data_mem:dm|core[25][0]        ; Lost fanout                                         ;
; datapath:dp|data_mem:dm|core[24][0]        ; Lost fanout                                         ;
; datapath:dp|data_mem:dm|core[23][0]        ; Lost fanout                                         ;
; datapath:dp|data_mem:dm|core[22][0]        ; Lost fanout                                         ;
; datapath:dp|data_mem:dm|core[21][0]        ; Lost fanout                                         ;
; datapath:dp|data_mem:dm|core[20][0]        ; Lost fanout                                         ;
; datapath:dp|data_mem:dm|core[19][0]        ; Lost fanout                                         ;
; datapath:dp|data_mem:dm|core[18][0]        ; Lost fanout                                         ;
; datapath:dp|data_mem:dm|core[17][0]        ; Lost fanout                                         ;
; datapath:dp|data_mem:dm|core[16][0]        ; Lost fanout                                         ;
; datapath:dp|data_mem:dm|core[15][0]        ; Lost fanout                                         ;
; datapath:dp|data_mem:dm|core[14][0]        ; Lost fanout                                         ;
; datapath:dp|data_mem:dm|core[13][0]        ; Lost fanout                                         ;
; datapath:dp|data_mem:dm|core[12][0]        ; Lost fanout                                         ;
; datapath:dp|data_mem:dm|core[11][0]        ; Lost fanout                                         ;
; datapath:dp|data_mem:dm|core[10][0]        ; Lost fanout                                         ;
; datapath:dp|data_mem:dm|core[9][0]         ; Lost fanout                                         ;
; datapath:dp|data_mem:dm|core[8][0]         ; Lost fanout                                         ;
; datapath:dp|data_mem:dm|core[7][0]         ; Lost fanout                                         ;
; datapath:dp|data_mem:dm|core[6][0]         ; Lost fanout                                         ;
; datapath:dp|data_mem:dm|core[5][0]         ; Lost fanout                                         ;
; datapath:dp|data_mem:dm|core[4][0]         ; Lost fanout                                         ;
; datapath:dp|data_mem:dm|core[3][0]         ; Lost fanout                                         ;
; datapath:dp|data_mem:dm|core[2][0]         ; Lost fanout                                         ;
; datapath:dp|data_mem:dm|core[1][0]         ; Lost fanout                                         ;
; datapath:dp|data_mem:dm|core[0][0]         ; Lost fanout                                         ;
; datapath:dp|reg_file:rf|registers[3][5]    ; Merged with datapath:dp|reg_file:rf|registers[1][3] ;
; datapath:dp|reg_file:rf|registers[1][6]    ; Merged with datapath:dp|reg_file:rf|registers[1][3] ;
; datapath:dp|reg_file:rf|registers[3][1]    ; Merged with datapath:dp|reg_file:rf|registers[1][3] ;
; datapath:dp|reg_file:rf|registers[3][7]    ; Merged with datapath:dp|reg_file:rf|registers[1][3] ;
; datapath:dp|reg_file:rf|registers[2][3]    ; Merged with datapath:dp|reg_file:rf|registers[1][3] ;
; datapath:dp|reg_file:rf|registers[3][3]    ; Merged with datapath:dp|reg_file:rf|registers[1][3] ;
; datapath:dp|reg_file:rf|registers[1][4]    ; Merged with datapath:dp|reg_file:rf|registers[1][3] ;
; datapath:dp|reg_file:rf|registers[2][7]    ; Merged with datapath:dp|reg_file:rf|registers[1][3] ;
; datapath:dp|reg_file:rf|registers[1][7]    ; Merged with datapath:dp|reg_file:rf|registers[1][3] ;
; datapath:dp|reg_file:rf|registers[2][6]    ; Merged with datapath:dp|reg_file:rf|registers[1][3] ;
; datapath:dp|reg_file:rf|registers[2][0]    ; Merged with datapath:dp|reg_file:rf|registers[1][3] ;
; datapath:dp|reg_file:rf|registers[2][2]    ; Merged with datapath:dp|reg_file:rf|registers[1][3] ;
; datapath:dp|reg_file:rf|registers[2][4]    ; Merged with datapath:dp|reg_file:rf|registers[1][3] ;
; datapath:dp|reg_file:rf|registers[3][6]    ; Merged with datapath:dp|reg_file:rf|registers[1][3] ;
; datapath:dp|reg_file:rf|registers[1][0]    ; Merged with datapath:dp|reg_file:rf|registers[1][3] ;
; datapath:dp|reg_file:rf|registers[3][4]    ; Merged with datapath:dp|reg_file:rf|registers[1][3] ;
; datapath:dp|reg_file:rf|registers[3][2]    ; Merged with datapath:dp|reg_file:rf|registers[1][3] ;
; datapath:dp|reg_file:rf|registers[1][5]    ; Merged with datapath:dp|reg_file:rf|registers[1][3] ;
; datapath:dp|reg_file:rf|registers[1][2]    ; Merged with datapath:dp|reg_file:rf|registers[1][3] ;
; datapath:dp|reg_file:rf|registers[3][0]    ; Merged with datapath:dp|reg_file:rf|registers[1][3] ;
; datapath:dp|reg_file:rf|registers[1][1]    ; Merged with datapath:dp|reg_file:rf|registers[1][3] ;
; datapath:dp|reg_file:rf|registers[2][5]    ; Merged with datapath:dp|reg_file:rf|registers[1][3] ;
; datapath:dp|reg_file:rf|registers[2][1]    ; Merged with datapath:dp|reg_file:rf|registers[1][3] ;
; datapath:dp|IF:infet|PC_INIT[2,3,5]        ; Merged with datapath:dp|IF:infet|DONE               ;
; datapath:dp|IF:infet|PC_INIT[8]            ; Merged with datapath:dp|IF:infet|PC_INIT[0]         ;
; datapath:dp|IF:infet|PC_INIT[1,7,9,11..15] ; Merged with datapath:dp|IF:infet|PC_INIT[10]        ;
; datapath:dp|IF:infet|PC_INIT[6]            ; Merged with datapath:dp|IF:infet|PC_INIT[4]         ;
; datapath:dp|reg_file:rf|registers[1][3]    ; Stuck at GND due to stuck port data_in              ;
; datapath:dp|IF:infet|PC_INIT[10]           ; Stuck at GND due to stuck port data_in              ;
; datapath:dp|ALU_FLAGS:af|OUT_ALU_ZERO      ; Lost fanout                                         ;
; datapath:dp|ALU_FLAGS:af|OUT_S_OUT         ; Stuck at GND due to stuck port data_in              ;
; datapath:dp|reg_file:rf|registers[0][0]    ; Lost fanout                                         ;
; datapath:dp|reg_file:rf|registers[0][1]    ; Lost fanout                                         ;
; datapath:dp|reg_file:rf|registers[0][2]    ; Lost fanout                                         ;
; datapath:dp|reg_file:rf|registers[0][3]    ; Lost fanout                                         ;
; datapath:dp|reg_file:rf|registers[0][4]    ; Lost fanout                                         ;
; datapath:dp|reg_file:rf|registers[0][5]    ; Lost fanout                                         ;
; datapath:dp|reg_file:rf|registers[0][6]    ; Lost fanout                                         ;
; datapath:dp|reg_file:rf|registers[0][7]    ; Lost fanout                                         ;
; datapath:dp|IF:infet|DONE                  ; Stuck at VCC due to stuck port data_in              ;
; datapath:dp|IF:infet|PC[0..15]             ; Lost fanout                                         ;
; datapath:dp|IF:infet|PC_INIT[0,4]          ; Lost fanout                                         ;
; Total Number of Removed Registers = 323    ;                                                     ;
+--------------------------------------------+-----------------------------------------------------+


+------------------------------------------------------------------------------------------------------------------------------------------------------------+
; Removed Registers Triggering Further Register Optimizations                                                                                                ;
+-----------------------------------------+---------------------------+--------------------------------------------------------------------------------------+
; Register name                           ; Reason for Removal        ; Registers Removed due to This Register                                               ;
+-----------------------------------------+---------------------------+--------------------------------------------------------------------------------------+
; datapath:dp|IF:infet|PC_INIT[10]        ; Stuck at GND              ; datapath:dp|ALU_FLAGS:af|OUT_ALU_ZERO, datapath:dp|IF:infet|PC[1],                   ;
;                                         ; due to stuck port data_in ; datapath:dp|IF:infet|PC[2], datapath:dp|IF:infet|PC[3], datapath:dp|IF:infet|PC[4],  ;
;                                         ;                           ; datapath:dp|IF:infet|PC[5], datapath:dp|IF:infet|PC[6], datapath:dp|IF:infet|PC[7],  ;
;                                         ;                           ; datapath:dp|IF:infet|PC[8], datapath:dp|IF:infet|PC[9], datapath:dp|IF:infet|PC[10], ;
;                                         ;                           ; datapath:dp|IF:infet|PC[11], datapath:dp|IF:infet|PC[12],                            ;
;                                         ;                           ; datapath:dp|IF:infet|PC[13], datapath:dp|IF:infet|PC[14],                            ;
;                                         ;                           ; datapath:dp|IF:infet|PC[15], datapath:dp|IF:infet|PC_INIT[4]                         ;
; datapath:dp|ALU_FLAGS:af|OUT_S_OUT      ; Stuck at GND              ; datapath:dp|reg_file:rf|registers[0][2], datapath:dp|reg_file:rf|registers[0][3],    ;
;                                         ; due to stuck port data_in ; datapath:dp|reg_file:rf|registers[0][4], datapath:dp|reg_file:rf|registers[0][5],    ;
;                                         ;                           ; datapath:dp|reg_file:rf|registers[0][6], datapath:dp|reg_file:rf|registers[0][7]     ;
; datapath:dp|reg_file:rf|registers[1][3] ; Stuck at GND              ; datapath:dp|reg_file:rf|registers[0][0], datapath:dp|reg_file:rf|registers[0][1]     ;
;                                         ; due to stuck port data_in ;                                                                                      ;
; datapath:dp|IF:infet|DONE               ; Stuck at VCC              ; datapath:dp|IF:infet|PC[0], datapath:dp|IF:infet|PC_INIT[0]                          ;
;                                         ; due to stuck port data_in ;                                                                                      ;
+-----------------------------------------+---------------------------+--------------------------------------------------------------------------------------+


+------------------------------------------------------+
; General Register Statistics                          ;
+----------------------------------------------+-------+
; Statistic                                    ; Value ;
+----------------------------------------------+-------+
; Total registers                              ; 0     ;
; Number of registers using Synchronous Clear  ; 0     ;
; Number of registers using Synchronous Load   ; 0     ;
; Number of registers using Asynchronous Clear ; 0     ;
; Number of registers using Asynchronous Load  ; 0     ;
; Number of registers using Clock Enable       ; 0     ;
; Number of registers using Preset             ; 0     ;
+----------------------------------------------+-------+


+----------------------------------------------------------------------------------------------------------------------------------------------------+
; Multiplexer Restructuring Statistics (Restructuring Performed)                                                                                     ;
+--------------------+-----------+---------------+----------------------+------------------------+------------+--------------------------------------+
; Multiplexer Inputs ; Bus Width ; Baseline Area ; Area if Restructured ; Saving if Restructured ; Registered ; Example Multiplexer Output           ;
+--------------------+-----------+---------------+----------------------+------------------------+------------+--------------------------------------+
; 3:1                ; 3 bits    ; 6 LEs         ; 3 LEs                ; 3 LEs                  ; Yes        ; |toplevel|datapath:dp|IF:infet|DONE  ;
; 3:1                ; 9 bits    ; 18 LEs        ; 9 LEs                ; 9 LEs                  ; Yes        ; |toplevel|datapath:dp|IF:infet|PC[1] ;
; 3:1                ; 7 bits    ; 14 LEs        ; 7 LEs                ; 7 LEs                  ; Yes        ; |toplevel|datapath:dp|IF:infet|PC[0] ;
+--------------------+-----------+---------------+----------------------+------------------------+------------+--------------------------------------+


+------------------------------------------------------------------------+
; Parameter Settings for User Entity Instance: datapath:dp|REL_LUT:r_lut ;
+----------------+-------+-----------------------------------------------+
; Parameter Name ; Value ; Type                                          ;
+----------------+-------+-----------------------------------------------+
; SIZE           ; 5     ; Signed Integer                                ;
; WIDTH          ; 16    ; Signed Integer                                ;
+----------------+-------+-----------------------------------------------+
Note: In order to hide this table in the UI and the text report file, please set the "Show Parameter Settings in Synthesis Report" option in "Analysis and Synthesis Settings -> More Settings" to "Off".


+------------------------------------------------------------------------+
; Parameter Settings for User Entity Instance: datapath:dp|ABS_LUT:a_lut ;
+----------------+-------+-----------------------------------------------+
; Parameter Name ; Value ; Type                                          ;
+----------------+-------+-----------------------------------------------+
; SIZE           ; 5     ; Signed Integer                                ;
; WIDTH          ; 16    ; Signed Integer                                ;
+----------------+-------+-----------------------------------------------+
Note: In order to hide this table in the UI and the text report file, please set the "Show Parameter Settings in Synthesis Report" option in "Analysis and Synthesis Settings -> More Settings" to "Off".


+---------------------------------------------------------------------+
; Parameter Settings for User Entity Instance: datapath:dp|InstROM:ir ;
+----------------+-------+--------------------------------------------+
; Parameter Name ; Value ; Type                                       ;
+----------------+-------+--------------------------------------------+
; A              ; 16    ; Signed Integer                             ;
; W              ; 9     ; Signed Integer                             ;
+----------------+-------+--------------------------------------------+
Note: In order to hide this table in the UI and the text report file, please set the "Show Parameter Settings in Synthesis Report" option in "Analysis and Synthesis Settings -> More Settings" to "Off".


+----------------------------------------------------------------------+
; Parameter Settings for User Entity Instance: datapath:dp|reg_file:rf ;
+----------------+-------+---------------------------------------------+
; Parameter Name ; Value ; Type                                        ;
+----------------+-------+---------------------------------------------+
; W              ; 8     ; Signed Integer                              ;
; D              ; 2     ; Signed Integer                              ;
+----------------+-------+---------------------------------------------+
Note: In order to hide this table in the UI and the text report file, please set the "Show Parameter Settings in Synthesis Report" option in "Analysis and Synthesis Settings -> More Settings" to "Off".


+----------------------------------------------------------------------------------------------------------------------------------------------------------+
; Port Connectivity Checks: "datapath:dp|data_mem:dm"                                                                                                      ;
+---------+--------+----------+----------------------------------------------------------------------------------------------------------------------------+
; Port    ; Type   ; Severity ; Details                                                                                                                    ;
+---------+--------+----------+----------------------------------------------------------------------------------------------------------------------------+
; DataOut ; Output ; Warning  ; Output or bidir port (8 bits) is wider than the port expression (1 bits) it drives; bit(s) "DataOut[7..1]" have no fanouts ;
+---------+--------+----------+----------------------------------------------------------------------------------------------------------------------------+


+-------------------------------------------------------------------------------------------------------------------------------------------------------------------------+
; Port Connectivity Checks: "datapath:dp|reg_file:rf"                                                                                                                     ;
+-------+-------+----------+----------------------------------------------------------------------------------------------------------------------------------------------+
; Port  ; Type  ; Severity ; Details                                                                                                                                      ;
+-------+-------+----------+----------------------------------------------------------------------------------------------------------------------------------------------+
; waddr ; Input ; Info     ; Stuck at GND                                                                                                                                 ;
; reset ; Input ; Warning  ; Declared by entity but not connected by instance. If a default value exists, it will be used.  Otherwise, the port will be connected to GND. ;
+-------+-------+----------+----------------------------------------------------------------------------------------------------------------------------------------------+


+---------------------------------------------------------------------------------------------------------------------+
; Port Connectivity Checks: "datapath:dp|ALU_FLAGS:af"                                                                ;
+-----------+--------+----------+-------------------------------------------------------------------------------------+
; Port      ; Type   ; Severity ; Details                                                                             ;
+-----------+--------+----------+-------------------------------------------------------------------------------------+
; OUT_C_OUT ; Output ; Info     ; Connected to dangling logic. Logic that only feeds a dangling port will be removed. ;
+-----------+--------+----------+-------------------------------------------------------------------------------------+


+-----------------------------------------------------+
; Post-Synthesis Netlist Statistics for Top Partition ;
+-----------------------+-----------------------------+
; Type                  ; Count                       ;
+-----------------------+-----------------------------+
; boundary_port         ; 3                           ;
; cycloneiii_lcell_comb ; 1                           ;
;     normal            ; 1                           ;
;         0 data inputs ; 1                           ;
;                       ;                             ;
; Max LUT depth         ; 0.00                        ;
; Average LUT depth     ; 0.00                        ;
+-----------------------+-----------------------------+


+-------------------------------+
; Elapsed Time Per Partition    ;
+----------------+--------------+
; Partition Name ; Elapsed Time ;
+----------------+--------------+
; Top            ; 00:00:00     ;
+----------------+--------------+


+-------------------------------+
; Analysis & Synthesis Messages ;
+-------------------------------+
Info: *******************************************************************
Info: Running Quartus Prime Analysis & Synthesis
    Info: Version 19.1.0 Build 670 09/22/2019 SJ Lite Edition
    Info: Processing started: Tue May 19 22:07:38 2020
Info: Command: quartus_map --read_settings_files=on --write_settings_files=off cpu -c toplevel
Warning (18236): Number of processors has not been specified which may cause overloading on shared machines.  Set the global assignment NUM_PARALLEL_PROCESSORS in your QSF to an appropriate value for best performance.
Info (20030): Parallel compilation is enabled and will use 12 of the 12 processors detected
Info (12021): Found 1 design units, including 1 entities, in source file toplevel.sv
    Info (12023): Found entity 1: toplevel File: C:/Users/Sammy Gill/Desktop/141L-Lab-2/our processor/toplevel.sv Line: 1
Info (12021): Found 1 design units, including 1 entities, in source file rel_lut.sv
    Info (12023): Found entity 1: REL_LUT File: C:/Users/Sammy Gill/Desktop/141L-Lab-2/our processor/REL_LUT.sv Line: 1
Info (12021): Found 1 design units, including 1 entities, in source file reg_file.sv
    Info (12023): Found entity 1: reg_file File: C:/Users/Sammy Gill/Desktop/141L-Lab-2/our processor/reg_file.sv Line: 7
Info (12021): Found 1 design units, including 1 entities, in source file instrom.sv
    Info (12023): Found entity 1: InstROM File: C:/Users/Sammy Gill/Desktop/141L-Lab-2/our processor/InstROM.sv Line: 11
Info (12021): Found 1 design units, including 1 entities, in source file if.sv
    Info (12023): Found entity 1: IF File: C:/Users/Sammy Gill/Desktop/141L-Lab-2/our processor/IF.sv Line: 1
Info (12021): Found 1 design units, including 0 entities, in source file definitions.sv
    Info (12022): Found design unit 1: definitions (SystemVerilog) File: C:/Users/Sammy Gill/Desktop/141L-Lab-2/our processor/definitions.sv Line: 3
Info (12021): Found 1 design units, including 1 entities, in source file data_mem.sv
    Info (12023): Found entity 1: data_mem File: C:/Users/Sammy Gill/Desktop/141L-Lab-2/our processor/data_mem.sv Line: 6
Info (12021): Found 1 design units, including 1 entities, in source file datapath.sv
    Info (12023): Found entity 1: datapath File: C:/Users/Sammy Gill/Desktop/141L-Lab-2/our processor/datapath.sv Line: 2
Info (12021): Found 1 design units, including 1 entities, in source file controlpath.sv
    Info (12023): Found entity 1: controlpath File: C:/Users/Sammy Gill/Desktop/141L-Lab-2/our processor/controlpath.sv Line: 2
Info (12021): Found 1 design units, including 1 entities, in source file alu_flags.sv
    Info (12023): Found entity 1: ALU_FLAGS File: C:/Users/Sammy Gill/Desktop/141L-Lab-2/our processor/ALU_FLAGS.sv Line: 1
Info (12021): Found 1 design units, including 1 entities, in source file alu.sv
    Info (12023): Found entity 1: ALU File: C:/Users/Sammy Gill/Desktop/141L-Lab-2/our processor/ALU.sv Line: 9
Info (12021): Found 1 design units, including 1 entities, in source file abs_lut.sv
    Info (12023): Found entity 1: ABS_LUT File: C:/Users/Sammy Gill/Desktop/141L-Lab-2/our processor/ABS_LUT.sv Line: 1
Info (12021): Found 1 design units, including 1 entities, in source file simple_tb.sv
    Info (12023): Found entity 1: simple_tb File: C:/Users/Sammy Gill/Desktop/141L-Lab-2/our processor/simple_tb.sv Line: 8
Warning (10236): Verilog HDL Implicit Net warning at datapath.sv(96): created implicit net for "mem_data_out" File: C:/Users/Sammy Gill/Desktop/141L-Lab-2/our processor/datapath.sv Line: 96
Info (12127): Elaborating entity "toplevel" for the top level hierarchy
Info (12128): Elaborating entity "datapath" for hierarchy "datapath:dp" File: C:/Users/Sammy Gill/Desktop/141L-Lab-2/our processor/toplevel.sv Line: 22
Info (12128): Elaborating entity "ALU_FLAGS" for hierarchy "datapath:dp|ALU_FLAGS:af" File: C:/Users/Sammy Gill/Desktop/141L-Lab-2/our processor/datapath.sv Line: 41
Info (12128): Elaborating entity "REL_LUT" for hierarchy "datapath:dp|REL_LUT:r_lut" File: C:/Users/Sammy Gill/Desktop/141L-Lab-2/our processor/datapath.sv Line: 43
Info (12128): Elaborating entity "ABS_LUT" for hierarchy "datapath:dp|ABS_LUT:a_lut" File: C:/Users/Sammy Gill/Desktop/141L-Lab-2/our processor/datapath.sv Line: 44
Info (12128): Elaborating entity "IF" for hierarchy "datapath:dp|IF:infet" File: C:/Users/Sammy Gill/Desktop/141L-Lab-2/our processor/datapath.sv Line: 60
Warning (10230): Verilog HDL assignment warning at IF.sv(33): truncated value with size 32 to match size of target (16) File: C:/Users/Sammy Gill/Desktop/141L-Lab-2/our processor/IF.sv Line: 33
Info (12128): Elaborating entity "InstROM" for hierarchy "datapath:dp|InstROM:ir" File: C:/Users/Sammy Gill/Desktop/141L-Lab-2/our processor/datapath.sv Line: 62
Warning (10850): Verilog HDL warning at InstROM.sv(21): number of words (0) in memory file does not match the number of elements in the address range [0:65535] File: C:/Users/Sammy Gill/Desktop/141L-Lab-2/our processor/InstROM.sv Line: 21
Warning (10030): Net "inst_rom.data_a" at InstROM.sv(17) has no driver or initial value, using a default initial value '0' File: C:/Users/Sammy Gill/Desktop/141L-Lab-2/our processor/InstROM.sv Line: 17
Warning (10030): Net "inst_rom.waddr_a" at InstROM.sv(17) has no driver or initial value, using a default initial value '0' File: C:/Users/Sammy Gill/Desktop/141L-Lab-2/our processor/InstROM.sv Line: 17
Warning (10030): Net "inst_rom.we_a" at InstROM.sv(17) has no driver or initial value, using a default initial value '0' File: C:/Users/Sammy Gill/Desktop/141L-Lab-2/our processor/InstROM.sv Line: 17
Info (12128): Elaborating entity "reg_file" for hierarchy "datapath:dp|reg_file:rf" File: C:/Users/Sammy Gill/Desktop/141L-Lab-2/our processor/datapath.sv Line: 72
Info (12128): Elaborating entity "ALU" for hierarchy "datapath:dp|ALU:alu" File: C:/Users/Sammy Gill/Desktop/141L-Lab-2/our processor/datapath.sv Line: 88
Warning (10036): Verilog HDL or VHDL warning at ALU.sv(21): object "op_mnemonic" assigned a value but never read File: C:/Users/Sammy Gill/Desktop/141L-Lab-2/our processor/ALU.sv Line: 21
Info (12128): Elaborating entity "data_mem" for hierarchy "datapath:dp|data_mem:dm" File: C:/Users/Sammy Gill/Desktop/141L-Lab-2/our processor/datapath.sv Line: 96
Warning (10230): Verilog HDL assignment warning at data_mem.sv(22): truncated value with size 32 to match size of target (8) File: C:/Users/Sammy Gill/Desktop/141L-Lab-2/our processor/data_mem.sv Line: 22
Info (12128): Elaborating entity "controlpath" for hierarchy "controlpath:cp" File: C:/Users/Sammy Gill/Desktop/141L-Lab-2/our processor/toplevel.sv Line: 25
Warning (10034): Output port "CTRL_mem_to_reg" at controlpath.sv(10) has no driver File: C:/Users/Sammy Gill/Desktop/141L-Lab-2/our processor/controlpath.sv Line: 10
Warning (127007): Memory Initialization File or Hexadecimal (Intel-Format) File "C:/Users/Sammy Gill/Desktop/141L-Lab-2/our processor/db/toplevel.ram0_InstROM_b8485114.hdl.mif" contains "don't care" values -- overwriting them with 0s
Warning (12241): 2 hierarchies have connectivity warnings - see the Connectivity Checks report folder
Warning (13024): Output pins are stuck at VCC or GND
    Warning (13410): Pin "DONE" is stuck at VCC File: C:/Users/Sammy Gill/Desktop/141L-Lab-2/our processor/toplevel.sv Line: 5
Info (17049): 283 registers lost all their fanouts during netlist optimizations.
Info (144001): Generated suppressed messages file C:/Users/Sammy Gill/Desktop/141L-Lab-2/our processor/output_files/toplevel.map.smsg
Info (16010): Generating hard_block partition "hard_block:auto_generated_inst"
    Info (16011): Adding 0 node(s), including 0 DDIO, 0 PLL, 0 transceiver and 0 LCELL
Warning (21074): Design contains 2 input pin(s) that do not drive logic
    Warning (15610): No output dependent on input pin "CLK" File: C:/Users/Sammy Gill/Desktop/141L-Lab-2/our processor/toplevel.sv Line: 2
    Warning (15610): No output dependent on input pin "START" File: C:/Users/Sammy Gill/Desktop/141L-Lab-2/our processor/toplevel.sv Line: 3
Info (21057): Implemented 3 device resources after synthesis - the final resource count might be different
    Info (21058): Implemented 2 input pins
    Info (21059): Implemented 1 output pins
Info: Quartus Prime Analysis & Synthesis was successful. 0 errors, 17 warnings
    Info: Peak virtual memory: 4753 megabytes
    Info: Processing ended: Tue May 19 22:07:48 2020
    Info: Elapsed time: 00:00:10
    Info: Total CPU time (on all processors): 00:00:22


+------------------------------------------+
; Analysis & Synthesis Suppressed Messages ;
+------------------------------------------+
The suppressed messages can be found in C:/Users/Sammy Gill/Desktop/141L-Lab-2/our processor/output_files/toplevel.map.smsg.


